<?xml encoding="utf-8" ?><html><body><ul class="nav nav-pills">
    <li class=" nav-item">
        <a class="nav-link active" href="#" aria-current="page">Active</a>
    </li>
    <li class="dropdown nav-item">
        <a class="dropdown-toggle nav-link" data-toggle="dropdown" role="button" aria-haspopup="true" aria-expanded="false" href="#">Dropdown</a>
        <div class="dropdown-menu">
            <a class="dropdown-item" href="#">Action</a>
            <a class="dropdown-item" href="#">Another action</a>
            <a class="dropdown-item" href="#">Something else here</a>
            <div class="dropdown-divider"></div>
            <a class="dropdown-item" href="#">Separated link</a>
        </div>
    </li>
    <li class="nav-item">
        <a class="nav-link" href="#">Link</a>
    </li>
    <li class="nav-item">
        <a class="nav-link disabled" href="#" tabindex="-1" aria-disabled="true">Disabled</a>
    </li>
</ul></body></html>
