<?xml encoding="utf-8" ?><html><body>
<nav class="bg-light navbar navbar-light">
    <a class="navbar-brand" href="#">Navbar</a>
</nav>
<br>
<nav class="bg-light navbar navbar-light">
    <span class="h1 mb-0 navbar-brand">Navbar</span>
</nav>
<br>
<nav class="bg-light navbar navbar-light">
    <a class="navbar-brand" href="#"><img alt="" height="30" src="/twbs-helper-module/img/docs/bootstrap-solid.svg" width="30"></a>
</nav>
<br>
<nav class="bg-light navbar navbar-light">
    <a class="navbar-brand" href="#">
        <img alt="" class="align-top d-inline-block" height="30" src="/twbs-helper-module/img/docs/bootstrap-solid.svg" width="30">
        Bootstrap
    </a>
</nav>
</body></html>
