<?xml encoding="utf-8" ?><html><body>
<nav class="bg-light navbar navbar-light">
    <form action="" method="POST" name="form" role="form" class="form-inline" id="form">
        <input name="search" type="search" placeholder="Search" aria-label="Search" class="form-control mr-sm-2" value="">
        <button type="submit" name="submit" class="btn btn-outline-success my-2 my-sm-0" value="">Search</button>
    </form>
</nav>
<br>
<nav class="bg-light navbar navbar-light">
    <a class="navbar-brand" href="#">Navbar</a>
    <form action="" method="POST" name="form" role="form" class="form-inline" id="form">
        <input name="search" type="search" placeholder="Search" aria-label="Search" class="form-control mr-sm-2" value="">
        <button type="submit" name="submit" class="btn btn-outline-success my-2 my-sm-0" value="">Search</button>
    </form>
</nav>
<br>
<nav class="bg-light navbar navbar-light">
    <form action="" method="POST" name="form" role="form" class="form-inline" id="form">
        <div class="input-group">
            <div class="input-group-prepend">
                <div class="input-group-text" id="basic-addon1">
                    @
                </div>
            </div>
            <input name="username" type="text" placeholder="Username" aria-label="Username" aria-describedby="basic-addon1" class="form-control" value="">
        </div>
    </form>
</nav>
<br>
<nav class="bg-light navbar navbar-light">
    <form action="" method="POST" name="form" role="form" class="form-inline" id="form">
        <button type="button" name="main_button" class="btn btn-outline-success" value="">Main button</button>
        <button type="button" name="smaller_button" class="btn btn-outline-secondary btn-sm" value="">Smaller button</button>
    </form>
</nav>
</body></html>
