<?xml encoding="utf-8" ?><html><body>
<nav class="bg-light navbar navbar-light">
    <span class="navbar-text">Navbar text with an inline element</span>
</nav>
<br>
<nav class="bg-light navbar navbar-expand-lg navbar-light">
    <a class="navbar-brand" href="#">Navbar w/ text</a>
    <button type="button" name="navbar_toggler" class="navbar-toggler" data-toggle="collapse" aria-expanded="false" aria-label="Toggle navigation" data-target="#navbarText" aria-controls="navbarText" value=""><span class="navbar-toggler-icon"></span></button>
    <div class="collapse navbar-collapse" id="navbarText">
        <ul class="mr-auto nav navbar-nav">
            <li class=" nav-item">
                <a class="nav-link active" href="#" aria-current="page">Home <span class="sr-only">(current)</span></a>
            </li>
            <li class="nav-item">
                <a class="nav-link" href="#">Features</a>
            </li>
            <li class="nav-item">
                <a class="nav-link" href="#">Pricing</a>
            </li>
        </ul>
        <span class="navbar-text">Navbar text with an inline element</span>
    </div>
</nav>
</body></html>
