<?xml encoding="utf-8" ?><html><body>
<ul class="flex-column nav">
    <li class=" nav-item">
        <a class="nav-link active" href="#" aria-current="page">Active</a>
    </li>
    <li class="nav-item">
        <a class="nav-link" href="#">Link</a>
    </li>
    <li class="nav-item">
        <a class="nav-link" href="#">Link</a>
    </li>
    <li class="nav-item">
        <a class="nav-link disabled" href="#" tabindex="-1" aria-disabled="true">Disabled</a>
    </li>
</ul>
<nav class="flex-column nav">
    <a class="nav-link active" href="#" aria-current="page">Active</a>
    <a class="nav-link" href="#">Link</a>
    <a class="nav-link" href="#">Link</a>
    <a class="nav-link disabled" href="#" tabindex="-1" aria-disabled="true">Disabled</a>
</nav>
</body></html>
