<?xml encoding="utf-8" ?><html><body><div class="bg-dark card text-white">
    <img alt="..." class="card-img" src="/twbs-helper-module/img/docs/image-cap.svg">
    <div class="card-img-overlay">
        <h5 class="card-title">Card title</h5>
        <p class="card-text">This is a wider card with supporting text below as a natural lead-in to additional content. This content is a little bit longer.</p>
        <p class="card-text">Last updated 3 mins ago</p>
    </div>
</div></body></html>
