<?xml encoding="utf-8" ?><html><body>
<div class="card mb-3">
    <img alt="..." class="card-img-top" src="/twbs-helper-module/img/docs/image-cap.svg">
    <div class="card-body">
        <h5 class="card-title">Card title</h5>
        <p class="card-text">This is a wider card with supporting text below as a natural lead-in to additional content. This content is a little bit longer.</p>
        <p class="card-text"><small class="text-muted">Last updated 3 mins ago</small></p>
    </div>
</div>
<div class="card">
    <div class="card-body">
        <h5 class="card-title">Card title</h5>
        <p class="card-text">This is a wider card with supporting text below as a natural lead-in to additional content. This content is a little bit longer.</p>
        <p class="card-text"><small class="text-muted">Last updated 3 mins ago</small></p>
    </div>
    <img alt="..." class="card-img-top" src="/twbs-helper-module/img/docs/image-cap.svg">
</div>
</body></html>
