<?xml encoding="utf-8" ?><html><body>
<div class="form-check form-check-inline">
    <input type="checkbox" name="inlineCheckboxOptions[]" class="form-check-input" id="inlineCheckbox1" value="option1">
    <label class="form-check-label" for="inlineCheckbox1">1</label>
</div>
<div class="form-check form-check-inline">
    <input type="checkbox" name="inlineCheckboxOptions[]" class="form-check-input" id="inlineCheckbox2" value="option2">
    <label class="form-check-label" for="inlineCheckbox2">2</label>
</div>
<div class="form-check form-check-inline">
    <input type="checkbox" name="inlineCheckboxOptions[]" class="form-check-input" id="inlineCheckbox3" value="option3" disabled>
    <label class="form-check-label" for="inlineCheckbox3">3 (disabled)</label>
</div>
<br>
<div class="form-check form-check-inline">
    <input type="radio" name="inlineRadioOptions" class="form-check-input" id="inlineRadio1" value="option1">
    <label class="form-check-label" for="inlineRadio1">1</label>
</div>
<div class="form-check form-check-inline">
    <input type="radio" name="inlineRadioOptions" class="form-check-input" id="inlineRadio2" value="option2">
    <label class="form-check-label" for="inlineRadio2">2</label>
</div>
<div class="form-check form-check-inline">
    <input type="radio" name="inlineRadioOptions" class="form-check-input" id="inlineRadio3" value="option3" disabled>
    <label class="form-check-label" for="inlineRadio3">3 (disabled)</label>
</div>
</body></html>
