<?xml encoding="utf-8" ?><html><body>
<div class="form-check">
    <input type="checkbox" name="blankCheckbox[]" class="form-check-input position-static" id="blankCheckbox" aria-label="..." value="option1">
</div>
<div class="form-check">
    <input type="radio" name="blankRadio" class="form-check-input position-static" id="blankRadio1" aria-label="..." value="option1">
</div>
</body></html>
