<?xml encoding="utf-8" ?><html><body>
<div class="custom-checkbox custom-control">
    <input type="checkbox" name="custom_checkbox_disabled" id="customCheckDisabled1" disabled class="custom-control-input" value="1">
    <label class="custom-control-label" for="customCheckDisabled1">Check this custom checkbox</label>
</div>
<div class="custom-control custom-radio">
    <input type="radio" name="radioDisabled" disabled class="custom-control-input" id="customRadioDisabled2" value="1">
    <label class="custom-control-label" for="customRadioDisabled2">Toggle this custom radio</label>
</div>
</body></html>
