<?xml encoding="utf-8" ?><html><body><form action="" method="POST" name="form" role="form" id="form">
    <div class="form-group row">
        <label class="col-form-label col-sm-2" for="inputEmail3">Email</label>
        <div class="col-sm-10">
            <input name="email" type="email" id="inputEmail3" placeholder="Email" class="form-control" value="">
        </div>
    </div>
    <div class="form-group row">
        <label class="col-form-label col-sm-2" for="inputPassword3">Password</label>
        <div class="col-sm-10">
            <input name="password" type="password" id="inputPassword3" placeholder="Password" class="form-control" value="">
        </div>
    </div>
    <fieldset class="form-group">
        <div class="row">
            <legend class="col-form-label col-sm-2 pt-0">Radios</legend>
            <div class="col-sm-10">
                <div class="form-group">
                    <div class="form-check">
                        <input type="radio" name="fieldset[gridRadios]" class="form-check-input" id="gridRadios1" value="option1">
                        <label class="form-check-label" for="gridRadios1">First radio</label>
                    </div>
                    <div class="form-check">
                        <input type="radio" name="fieldset[gridRadios]" class="form-check-input" id="gridRadios2" value="option2">
                        <label class="form-check-label" for="gridRadios2">Second radio</label>
                    </div>
                    <div class="form-check">
                        <input type="radio" name="fieldset[gridRadios]" class="form-check-input" id="gridRadios3" value="option3" disabled>
                        <label class="form-check-label" for="gridRadios3">Third disabled radio</label>
                    </div>
                </div>
            </div>
        </div>
    </fieldset>
    <div class="form-group row">
        <div class="col-sm-10 offset-sm-2">
            <div class="form-check">
                <input type="hidden" name="checkbox" value="0"><input type="checkbox" name="checkbox" class="form-check-input" value="1">
                <label class="form-check-label" for="checkbox">Checkbox</label>
            </div>
        </div>
    </div>
    <div class="form-group row">
        <div class="col-sm-2">
            Multicheckbox
        </div>
        <div class="col-sm-10">
            <div class="form-check">
                <input type="checkbox" name="multicheckbox[]" class="form-check-input" id="gridCheck1" value="1">
                <label class="form-check-label" for="gridCheck1">Example checkbox</label>
            </div>
        </div>
    </div>
    <div class="form-group row">
        <div class="col-sm-10">
            <button type="submit" name="submit" class="btn btn-primary" value="">Sign in</button>
        </div>
    </div>
</form></body></html>
