<?xml encoding="utf-8" ?><html><body>
<div class="list-group">
    <a class="active list-group-item list-group-item-action" href="#">Cras justo odio</a>
    <a class="list-group-item list-group-item-action" href="#">Dapibus ac facilisis in</a>
    <a class="list-group-item list-group-item-action" href="#">Morbi leo risus</a>
    <a class="list-group-item list-group-item-action" href="#">Porta ac consectetur ac</a>
    <a aria-disabled="true" class="disabled list-group-item list-group-item-action" href="#" tabindex="-1">Vestibulum at eros</a>
</div>
<br>
<div class="list-group">
    <button class="active list-group-item list-group-item-action" type="button">Cras justo odio</button>
    <button class="list-group-item list-group-item-action" type="button">Dapibus ac facilisis in</button>
    <button class="list-group-item list-group-item-action" type="button">Morbi leo risus</button>
    <button class="list-group-item list-group-item-action" type="button">Porta ac consectetur ac</button>
    <button aria-disabled="true" class="list-group-item list-group-item-action" disabled type="button">Vestibulum at eros</button>
</div>
</body></html>
