<?xml encoding="utf-8" ?><html><body><ul class="list-group">
    <li class="align-items-center d-flex justify-content-between list-group-item">
        Cras justo odio
        <span class="badge badge-pill badge-primary">14</span>
    </li>
    <li class="align-items-center d-flex justify-content-between list-group-item">
        Dapibus ac facilisis in
        <span class="badge badge-pill badge-primary">2</span>
    </li>
    <li class="align-items-center d-flex justify-content-between list-group-item">
        Morbi leo risus
        <span class="badge badge-pill badge-primary">1</span>
    </li>
</ul></body></html>
