<?xml encoding="utf-8" ?><html><body><div class="progress">
    <div aria-valuemax="100" aria-valuemin="0" aria-valuenow="25" class="progress-bar" role="progressbar" style="width: 25%;">
        25%
    </div>
</div></body></html>
