<?xml encoding="utf-8" ?><html><body>
<div class="input-group mb-3">
    <div class="input-group-prepend">
        <button type="button" name="button" data-toggle="dropdown" role="button" aria-haspopup="true" aria-expanded="false" class="btn btn-outline-secondary dropdown-toggle" value="">Dropdown</button>
        <div class="dropdown-menu">
            <a class="dropdown-item" href="#">Action</a>
            <a class="dropdown-item" href="#">Another action</a>
            <a class="dropdown-item" href="#">Something else here</a>
            <div class="dropdown-divider"></div>
            <a class="dropdown-item" href="#">Separated link</a>
        </div>
    </div>
    <input type="text" name="dropdown-prepend" aria-label="Text input with dropdown button" class="form-control" value="">
</div>
<div class="input-group">
    <input type="text" name="dropdown-append" aria-label="Text input with dropdown button" class="form-control" value="">
    <div class="input-group-append">
        <button type="button" name="button" data-toggle="dropdown" role="button" aria-haspopup="true" aria-expanded="false" class="btn btn-outline-secondary dropdown-toggle" value="">Dropdown</button>
        <div class="dropdown-menu">
            <a class="dropdown-item" href="#">Action</a>
            <a class="dropdown-item" href="#">Another action</a>
            <a class="dropdown-item" href="#">Something else here</a>
            <div class="dropdown-divider"></div>
            <a class="dropdown-item" href="#">Separated link</a>
        </div>
    </div>
</div>
</body></html>
