<?xml encoding="utf-8" ?><html><body><form action="" method="POST" name="form" role="form" id="form">
    <div class="form-row">
        <div class="col-md-6 mb-3">
            <label for="validationServer01">First name</label>
            <input name="firstName" type="text" id="validationServer01" required="required" class="form-control is-valid" value="Mark">
            <div class="valid-feedback">
                Looks good!
            </div>
        </div>
        <div class="col-md-6 mb-3">
            <label for="validationServer02">Last name</label>
            <input name="lastName" type="text" id="validationServer02" required="required" class="form-control is-valid" value="Otto">
            <div class="valid-feedback">
                Looks good!
            </div>
        </div>
    </div>
    <div class="form-row">
        <div class="col-md-6 has-error mb-3">
            <label class="col-form-label" for="validationServer03">City</label>
            <input name="city" type="text" id="validationServer03" required="required" class="form-control is-invalid" value="">
            <div class="invalid-feedback">Please provide a valid city.</div>
        </div>
        <div class="col-md-3 has-error mb-3">
            <label class="col-form-label" for="validationServer04">State</label>
            <select name="state" id="validationServer04" required="required" class="custom-select is-invalid">
                <option value="" selected disabled>Choose...</option>
                <option value="0">...</option>
            </select>
            <div class="invalid-feedback">Please select a valid state.</div>
        </div>
        <div class="col-md-3 has-error mb-3">
            <label class="col-form-label" for="validationServer05">Zip</label>
            <input name="zip" type="text" id="validationServer05" required="required" class="form-control is-invalid" value="">
            <div class="invalid-feedback">Please provide a valid zip.</div>
        </div>
    </div>
    <div class="form-group has-error">
        <div class="form-check">
            <input type="checkbox" name="termsAndConditions" id="invalidCheck3" required="required" class="form-check-input is-invalid" value="1">
            <label class="form-check-label" for="invalidCheck3">Agree to terms and conditions</label>
            <div class="invalid-feedback">You must agree before submitting.</div>
        </div>
    </div>
    <button type="submit" name="submit" class="btn btn-primary" value="">Submit</button>
</form></body></html>
