<?xml encoding="utf-8" ?><html><body>
<form action="" method="POST" name="form" role="form" id="form">
    <div class="form-group row">
        <label class="col-form-label col-sm-2" for="staticEmail">Email</label>
        <div class="col-sm-10">
            <input name="email" type="email" id="staticEmail" readonly class="form-control-plaintext" value="email@example.com">
        </div>
    </div>
    <div class="form-group row">
        <label class="col-form-label col-sm-2" for="inputPassword">Password</label>
        <div class="col-sm-10">
            <input name="password" type="password" id="inputPassword" placeholder="Password" class="form-control" value="">
        </div>
    </div>
</form>
<br>
<form action="" method="POST" name="form" role="form" class="form-inline" id="form">
    <div class="form-group mb-2">
        <label class="sr-only" for="staticEmail2">Email</label>
        <input name="email" type="email" id="staticEmail2" readonly class="form-control-plaintext" value="email@example.com">
    </div>
    <div class="form-group mb-2 mx-sm-3">
        <label class="sr-only" for="inputPassword2">Password</label>
        <input name="password" type="password" id="inputPassword2" placeholder="Password" class="form-control" value="">
    </div>
    <button type="submit" name="submit" class="btn btn-primary mb-2" value="">Confirm identity</button>
</form>
</body></html>
