<label class="form-label" for="inputPassword5">Password</label>
<input aria-describedby="passwordHelpBlock" class="form-control" id="inputPassword5" name="password" type="password" value="">
<div class="form-text" id="passwordHelpBlock">
    Your password must be 8-20 characters long, contain letters and numbers, and must not contain spaces, special characters, or emoji.
</div>
<br>
<form class="align-items-center g-3 row" id="form" method="POST" name="form" role="form">
    <div class="col-auto">
        <label class="col-form-label" for="inputPassword6">Password</label>
    </div>
    <div class="col-auto">
        <input aria-describedby="passwordHelpInline" class="form-control" id="inputPassword6" name="password" type="password" value="">
    </div>
    <div class="col-auto">
        <span class="form-text" id="passwordHelpInline">Must be 8-20 characters long.</span>
    </div>
</form>
