<?xml encoding="utf-8" ?><html><body>
<div class="bg-dark" style="position:relative;min-height:200px;"><div aria-atomic="true" aria-live="assertive" class="toast" role="alert" style="position: absolute;right: 0;top: 0;">
    <div class="toast-header">
        <img alt="..." class="mr-2 rounded" src="/twbs-helper-module/img/docs/rounded-blue.svg">
        <strong class="mr-auto">Bootstrap</strong>
        <small class="text-muted">11 mins ago</small>
        <button aria-label="Close" class="close mb-1 ml-2" data-dismiss="toast" type="button"><span aria-hidden="true">&times;</span></button>
    </div>
    <div class="toast-body">
        Hello, world! This is a toast message.
    </div>
</div></div>
<br><br>
<div class="bg-dark" style="position:relative;min-height:200px;"><div aria-atomic="true" aria-live="assertive" class="toast" role="alert" style="left: 0;margin-left: auto;margin-right: auto;position: absolute;right: 0;top: 0;">
    <div class="toast-header">
        <img alt="..." class="mr-2 rounded" src="/twbs-helper-module/img/docs/rounded-blue.svg">
        <strong class="mr-auto">Bootstrap</strong>
        <small class="text-muted">11 mins ago</small>
        <button aria-label="Close" class="close mb-1 ml-2" data-dismiss="toast" type="button"><span aria-hidden="true">&times;</span></button>
    </div>
    <div class="toast-body">
        Hello, world! This is a toast message.
    </div>
</div></div>
</body></html>
