<?xml encoding="utf-8" ?><html><body>
<p><abbr title="attribute">attr</abbr></p>
<p><abbr class="initialism" title="HyperText Markup Language">HTML</abbr></p>
</body></html>
