<?xml encoding="utf-8" ?><html><body>
<div class="card-group">
    <div class="card">
        <img alt="..." class="card-img-top" src="/twbs-helper-module/img/docs/image-cap.svg">
        <div class="card-body">
            <h5 class="card-title">Primary card title</h5>
            <p class="card-text">This is a wider card with supporting text below as a natural lead-in to additional content. This content is a little bit longer.</p>
            <p class="card-text"><small class="text-muted">Last updated 3 mins ago</small></p>
        </div>
    </div>
    <div class="card">
        <img alt="..." class="card-img-top" src="/twbs-helper-module/img/docs/image-cap.svg">
        <div class="card-body">
            <h5 class="card-title">Primary card title</h5>
            <p class="card-text">This card has supporting text below as a natural lead-in to additional content.</p>
            <p class="card-text"><small class="text-muted">Last updated 3 mins ago</small></p>
        </div>
    </div>
    <div class="card">
        <img alt="..." class="card-img-top" src="/twbs-helper-module/img/docs/image-cap.svg">
        <div class="card-body">
            <h5 class="card-title">Primary card title</h5>
            <p class="card-text">This is a wider card with supporting text below as a natural lead-in to additional content. This card has even longer content than the first to show that equal height action.</p>
            <p class="card-text"><small class="text-muted">Last updated 3 mins ago</small></p>
        </div>
    </div>
</div>
<br>
<div class="card-group">
    <div class="card">
        <img alt="..." class="card-img-top" src="/twbs-helper-module/img/docs/image-cap.svg">
        <div class="card-body">
            <h5 class="card-title">Primary card title</h5>
            <p class="card-text">This is a wider card with supporting text below as a natural lead-in to additional content. This content is a little bit longer.</p>
        </div>
        <div class="card-footer">
            <small class="text-muted">Last updated 3 mins ago</small>
        </div>
    </div>
    <div class="card">
        <img alt="..." class="card-img-top" src="/twbs-helper-module/img/docs/image-cap.svg">
        <div class="card-body">
            <h5 class="card-title">Primary card title</h5>
            <p class="card-text">This card has supporting text below as a natural lead-in to additional content.</p>
        </div>
        <div class="card-footer">
            <small class="text-muted">Last updated 3 mins ago</small>
        </div>
    </div>
    <div class="card">
        <img alt="..." class="card-img-top" src="/twbs-helper-module/img/docs/image-cap.svg">
        <div class="card-body">
            <h5 class="card-title">Primary card title</h5>
            <p class="card-text">This is a wider card with supporting text below as a natural lead-in to additional content. This card has even longer content than the first to show that equal height action.</p>
        </div>
        <div class="card-footer">
            <small class="text-muted">Last updated 3 mins ago</small>
        </div>
    </div>
</div>
</body></html>
