<?xml encoding="utf-8" ?><html><body>
<form action="" method="POST" name="form" role="form" id="form">
    <div class="align-items-center form-row">
        <div class="col-auto">
            <label class="sr-only" for="inlineFormInput">Name</label>
            <input name="name" type="text" id="inlineFormInput" placeholder="Jane Doe" class="form-control mb-2" value="">
        </div>
        <div class="col-auto">
            <label class="sr-only" for="inlineFormInputGroup">Username</label>
            <div class="input-group mb-2">
                <div class="input-group-prepend">
                    <div class="input-group-text">
                        @
                    </div>
                </div>
                <input name="username" type="text" id="inlineFormInputGroup" placeholder="Username" class="form-control" value="">
            </div>
        </div>
        <div class="col-auto">
            <div class="form-check mb-2">
                <input type="checkbox" name="remember_me" id="autoSizingCheck" class="form-check-input" value="1">
                <label class="form-check-label" for="autoSizingCheck">Remember me</label>
            </div>
        </div>
        <div class="col-auto">
            <button type="submit" name="submit" class="btn btn-primary mb-2" value="">Submit</button>
        </div>
    </div>
</form>
<br>
<form action="" method="POST" name="form" role="form" id="form">
    <div class="align-items-center form-row">
        <div class="col-sm-3 my-1">
            <label class="sr-only" for="inlineFormInput">Name</label>
            <input name="name" type="text" id="inlineFormInput" placeholder="Jane Doe" class="form-control mb-2" value="">
        </div>
        <div class="col-sm-3 my-1">
            <label class="sr-only" for="inlineFormInputGroup">Username</label>
            <div class="input-group mb-2">
                <div class="input-group-prepend">
                    <div class="input-group-text">
                        @
                    </div>
                </div>
                <input name="username" type="text" id="inlineFormInputGroup" placeholder="Username" class="form-control" value="">
            </div>
        </div>
        <div class="col-auto my-1">
            <div class="form-check mb-2">
                <input type="checkbox" name="remember_me" id="autoSizingCheck" class="form-check-input" value="1">
                <label class="form-check-label" for="autoSizingCheck">Remember me</label>
            </div>
        </div>
        <div class="col-auto my-1">
            <button type="submit" name="submit" class="btn btn-primary mb-2" value="">Submit</button>
        </div>
    </div>
</form>
<br>
<form action="" method="POST" name="form" role="form" id="form">
    <div class="align-items-center form-row">
        <div class="col-sm-3 my-1">
            <label class="mr-sm-2 sr-only" for="inlineFormCustomSelect">Preference</label>
            <select name="preference" id="inlineFormCustomSelect" class="custom-select mr-sm-2">
                <option value="">Choose...</option>
                <option value="1">One</option>
                <option value="2">Two</option>
                <option value="3">Three</option>
            </select>
        </div>
        <div class="col-auto my-1">
            <div class="custom-checkbox custom-control mr-sm-2">
                <input type="checkbox" name="remember_my_preference" id="customControlAutosizing" class="custom-control-input" value="1">
                <label class="custom-control-label" for="customControlAutosizing">Remember my preference</label>
            </div>
        </div>
        <div class="col-auto my-1">
            <button type="submit" name="submit" class="btn btn-primary" value="">Submit</button>
        </div>
    </div>
</form>
</body></html>
