<?xml encoding="utf-8" ?><html><body><span class="d-inline-block" data-toggle="tooltip" tabindex="0" title="Disabled tooltip"><button type="button" name="tooltip" disabled class="btn btn-primary" style="pointer-events: none;" value="">Disabled button</button></span></body></html>
