<?xml encoding="utf-8" ?><html><body>
<div class="card text-center">
    <div class="card-header">
        <ul class="card-header-tabs nav nav-tabs">
            <li class=" nav-item">
                <a class="nav-link active" href="#" aria-current="page">Active</a>
            </li>
            <li class="nav-item">
                <a class="nav-link" href="#">Link</a>
            </li>
            <li class="nav-item">
                <a class="nav-link" href="#">Link</a>
            </li>
            <li class="nav-item">
                <a class="nav-link disabled" href="#" tabindex="-1" aria-disabled="true">Disabled</a>
            </li>
        </ul>
    </div>
    <div class="card-body">
        <h5 class="card-title">Special title treatment</h5>
        <p class="card-text">With supporting text below as a natural lead-in to additional content.</p>
        <a href="#" class="btn btn-primary">Go somewhere</a>
    </div>
</div>
<br>
<div class="card text-center">
    <div class="card-header">
        <ul class="card-header-pills nav nav-pills">
            <li class=" nav-item">
                <a class="nav-link active" href="#" aria-current="page">Active</a>
            </li>
            <li class="nav-item">
                <a class="nav-link" href="#">Link</a>
            </li>
            <li class="nav-item">
                <a class="nav-link" href="#">Link</a>
            </li>
            <li class="nav-item">
                <a class="nav-link disabled" href="#" tabindex="-1" aria-disabled="true">Disabled</a>
            </li>
        </ul>
    </div>
    <div class="card-body">
        <h5 class="card-title">Special title treatment</h5>
        <p class="card-text">With supporting text below as a natural lead-in to additional content.</p>
        <a href="#" class="btn btn-primary">Go somewhere</a>
    </div>
</div>
</body></html>
