<?xml encoding="utf-8" ?><html><body>
<nav aria-label="breadcrumb">
    <ol class="breadcrumb">
        <li class="breadcrumb-item active" aria-current="page">Home</li>
    </ol>
</nav>
<nav aria-label="breadcrumb">
    <ol class="breadcrumb">
        <li class="breadcrumb-item"><a href="/">Home</a></li>
        <li class="breadcrumb-item active" aria-current="page">Library</li>
    </ol>
</nav>
<nav aria-label="breadcrumb">
    <ol class="breadcrumb">
        <li class="breadcrumb-item"><a href="/">Home</a></li>
        <li class="breadcrumb-item"><a href="/library">Library</a></li>
        <li class="breadcrumb-item active" aria-current="page">Data</li>
    </ol>
</nav>
</body></html>
