<?xml encoding="utf-8" ?><html><body>
<nav class="bg-light navbar navbar-light">
    <a class="navbar-brand" href="#">Default</a>
</nav>
<br>
<nav class="bg-light fixed-top navbar navbar-light">
    <a class="navbar-brand" href="#">Fixed top</a>
</nav>
<br>
<nav class="bg-light fixed-bottom navbar navbar-light">
    <a class="navbar-brand" href="#">Fixed bottom</a>
</nav>
<br>
<nav class="bg-light navbar navbar-light sticky-top">
    <a class="navbar-brand" href="#">Sticky top</a>
</nav>
<br>
</body></html>
