<?xml encoding="utf-8" ?><html><body><div aria-label="Basic example" class="btn-group" role="group">
    <button type="button" name="left" class="btn btn-secondary" value="">Left</button>
    <button type="button" name="middle" class="btn btn-secondary" value="">Middle</button>
    <button type="button" name="right" class="btn btn-secondary" value="">Right</button>
</div></body></html>
