<?xml encoding="utf-8" ?><html><body><div aria-label="Button group with nested dropdown" class="btn-group" role="group">
    <button type="button" name="1" class="btn btn-secondary" value="">1</button>
    <button type="button" name="2" class="btn btn-secondary" value="">2</button>
    <div class="btn-group" role="group">
        <button type="button" name="dropdown" id="btnGroupDrop1" data-toggle="dropdown" role="button" aria-haspopup="true" aria-expanded="false" class="btn btn-secondary dropdown-toggle" value="">Dropdown</button>
        <div aria-labelledby="btnGroupDrop1" class="dropdown-menu">
            <a class="dropdown-item" href="#">Dropdown link</a>
            <a class="dropdown-item" href="#">Dropdown link</a>
        </div>
    </div>
</div></body></html>
