<?xml encoding="utf-8" ?><html><body>
<div class="btn-group-vertical">
    <button type="button" name="button" class="btn btn-secondary" value="">Button</button>
    <button type="button" name="button" class="btn btn-secondary" value="">Button</button>
    <button type="button" name="button" class="btn btn-secondary" value="">Button</button>
    <button type="button" name="button" class="btn btn-secondary" value="">Button</button>
    <button type="button" name="button" class="btn btn-secondary" value="">Button</button>
    <button type="button" name="button" class="btn btn-secondary" value="">Button</button>
</div>
<div class="btn-group-vertical">
    <button type="button" name="button" class="btn btn-secondary" value="">Button</button>
    <button type="button" name="button" class="btn btn-secondary" value="">Button</button>
    <div class="btn-group" role="group">
        <button type="button" name="dropdown" data-toggle="dropdown" role="button" aria-haspopup="true" aria-expanded="false" class="btn btn-secondary dropdown-toggle" value="">Dropdown</button>
        <div class="dropdown-menu">
            <a class="dropdown-item" href="#">Dropdown link</a>
            <a class="dropdown-item" href="#">Dropdown link</a>
        </div>
    </div>
    <button type="button" name="button" class="btn btn-secondary" value="">Button</button>
    <button type="button" name="button" class="btn btn-secondary" value="">Button</button>
    <div class="btn-group" role="group">
        <button type="button" name="dropdown" data-toggle="dropdown" role="button" aria-haspopup="true" aria-expanded="false" class="btn btn-secondary dropdown-toggle" value="">Dropdown</button>
        <div class="dropdown-menu">
            <a class="dropdown-item" href="#">Dropdown link</a>
            <a class="dropdown-item" href="#">Dropdown link</a>
        </div>
    </div>
    <div class="btn-group" role="group">
        <button type="button" name="dropdown" data-toggle="dropdown" role="button" aria-haspopup="true" aria-expanded="false" class="btn btn-secondary dropdown-toggle" value="">Dropdown</button>
        <div class="dropdown-menu">
            <a class="dropdown-item" href="#">Dropdown link</a>
            <a class="dropdown-item" href="#">Dropdown link</a>
        </div>
    </div>
    <div class="btn-group" role="group">
        <button type="button" name="dropdown" data-toggle="dropdown" role="button" aria-haspopup="true" aria-expanded="false" class="btn btn-secondary dropdown-toggle" value="">Dropdown</button>
        <div class="dropdown-menu">
            <a class="dropdown-item" href="#">Dropdown link</a>
            <a class="dropdown-item" href="#">Dropdown link</a>
        </div>
    </div>
</div>
</body></html>
