<?xml encoding="utf-8" ?><html><body>
<div class="dropdown">
    <button type="button" name="dropdown" id="dropdownMenuButton" data-toggle="dropdown" role="button" aria-haspopup="true" aria-expanded="false" class="btn btn-secondary dropdown-toggle" value="">Dropdown</button>
    <div aria-labelledby="dropdownMenuButton" class="dropdown-menu">
        <a class="dropdown-item" href="#">Action</a>
        <a class="dropdown-item" href="#">Another action</a>
        <a class="dropdown-item" href="#">Something else here</a>
    </div>
</div>
<br>
<div class="dropdown">
    <a id="dropdownMenuButton" data-toggle="dropdown" role="button" aria-haspopup="true" aria-expanded="false" href="#" class="btn btn-secondary dropdown-toggle">Dropdown</a>
    <div aria-labelledby="dropdownMenuButton" class="dropdown-menu">
        <a class="dropdown-item" href="#">Action</a>
        <a class="dropdown-item" href="#">Another action</a>
        <a class="dropdown-item" href="#">Something else here</a>
    </div>
</div>
<br>
<div class="btn-group dropdown">
    <button type="button" name="dropdown" data-toggle="dropdown" role="button" aria-haspopup="true" aria-expanded="false" class="btn btn-primary dropdown-toggle" value="">Dropdown</button>
    <div class="dropdown-menu">
        <a class="dropdown-item" href="#">Action</a>
        <a class="dropdown-item" href="#">Another action</a>
        <a class="dropdown-item" href="#">Something else here</a>
        <div class="dropdown-divider"></div>
        <a class="dropdown-item" href="#">Separated link</a>
    </div>
</div>
<div class="btn-group dropdown">
    <button type="button" name="dropdown" data-toggle="dropdown" role="button" aria-haspopup="true" aria-expanded="false" class="btn btn-secondary dropdown-toggle" value="">Dropdown</button>
    <div class="dropdown-menu">
        <a class="dropdown-item" href="#">Action</a>
        <a class="dropdown-item" href="#">Another action</a>
        <a class="dropdown-item" href="#">Something else here</a>
        <div class="dropdown-divider"></div>
        <a class="dropdown-item" href="#">Separated link</a>
    </div>
</div>
<div class="btn-group dropdown">
    <button type="button" name="dropdown" data-toggle="dropdown" role="button" aria-haspopup="true" aria-expanded="false" class="btn btn-success dropdown-toggle" value="">Dropdown</button>
    <div class="dropdown-menu">
        <a class="dropdown-item" href="#">Action</a>
        <a class="dropdown-item" href="#">Another action</a>
        <a class="dropdown-item" href="#">Something else here</a>
        <div class="dropdown-divider"></div>
        <a class="dropdown-item" href="#">Separated link</a>
    </div>
</div>
<div class="btn-group dropdown">
    <button type="button" name="dropdown" data-toggle="dropdown" role="button" aria-haspopup="true" aria-expanded="false" class="btn btn-danger dropdown-toggle" value="">Dropdown</button>
    <div class="dropdown-menu">
        <a class="dropdown-item" href="#">Action</a>
        <a class="dropdown-item" href="#">Another action</a>
        <a class="dropdown-item" href="#">Something else here</a>
        <div class="dropdown-divider"></div>
        <a class="dropdown-item" href="#">Separated link</a>
    </div>
</div>
<div class="btn-group dropdown">
    <button type="button" name="dropdown" data-toggle="dropdown" role="button" aria-haspopup="true" aria-expanded="false" class="btn btn-warning dropdown-toggle" value="">Dropdown</button>
    <div class="dropdown-menu">
        <a class="dropdown-item" href="#">Action</a>
        <a class="dropdown-item" href="#">Another action</a>
        <a class="dropdown-item" href="#">Something else here</a>
        <div class="dropdown-divider"></div>
        <a class="dropdown-item" href="#">Separated link</a>
    </div>
</div>
<div class="btn-group dropdown">
    <button type="button" name="dropdown" data-toggle="dropdown" role="button" aria-haspopup="true" aria-expanded="false" class="btn btn-info dropdown-toggle" value="">Dropdown</button>
    <div class="dropdown-menu">
        <a class="dropdown-item" href="#">Action</a>
        <a class="dropdown-item" href="#">Another action</a>
        <a class="dropdown-item" href="#">Something else here</a>
        <div class="dropdown-divider"></div>
        <a class="dropdown-item" href="#">Separated link</a>
    </div>
</div>
<div class="btn-group dropdown">
    <button type="button" name="dropdown" data-toggle="dropdown" role="button" aria-haspopup="true" aria-expanded="false" class="btn btn-light dropdown-toggle" value="">Dropdown</button>
    <div class="dropdown-menu">
        <a class="dropdown-item" href="#">Action</a>
        <a class="dropdown-item" href="#">Another action</a>
        <a class="dropdown-item" href="#">Something else here</a>
        <div class="dropdown-divider"></div>
        <a class="dropdown-item" href="#">Separated link</a>
    </div>
</div>
<div class="btn-group dropdown">
    <button type="button" name="dropdown" data-toggle="dropdown" role="button" aria-haspopup="true" aria-expanded="false" class="btn btn-dark dropdown-toggle" value="">Dropdown</button>
    <div class="dropdown-menu">
        <a class="dropdown-item" href="#">Action</a>
        <a class="dropdown-item" href="#">Another action</a>
        <a class="dropdown-item" href="#">Something else here</a>
        <div class="dropdown-divider"></div>
        <a class="dropdown-item" href="#">Separated link</a>
    </div>
</div>
</body></html>
