<?xml encoding="utf-8" ?><html><body><div class="d-flex">
<div class="dropdown mr-1">
    <button type="button" name="dropdown" id="dropdownMenuOffset" data-toggle="dropdown" role="button" aria-haspopup="true" aria-expanded="false" data-offset="10,20" class="btn btn-secondary dropdown-toggle" value="">Offset</button>
    <div aria-labelledby="dropdownMenuOffset" class="dropdown-menu">
        <a class="dropdown-item" href="#">Action</a>
        <a class="dropdown-item" href="#">Another action</a>
        <a class="dropdown-item" href="#">Something else here</a>
    </div>
</div>
<div class="btn-group dropdown">
    <button type="button" name="dropdown" id="dropdownMenuReference" class="btn btn-secondary" value="">Reference</button>
    <button type="button" name="dropdown-toggle" class="btn btn-secondary dropdown-toggle dropdown-toggle-split" data-reference="parent" data-toggle="dropdown" role="button" aria-haspopup="true" aria-expanded="false" value=""><span class="sr-only">Reference</span></button>
    <div aria-labelledby="dropdownMenuReference" class="dropdown-menu">
        <a class="dropdown-item" href="#">Action</a>
        <a class="dropdown-item" href="#">Another action</a>
        <a class="dropdown-item" href="#">Something else here</a>
    </div>
</div>
</div></body></html>
