<?xml encoding="utf-8" ?><html><body>
<div class="btn-group dropdown">
    <button type="button" name="dropdown" data-toggle="dropdown" role="button" aria-haspopup="true" aria-expanded="false" class="btn btn-lg btn-secondary dropdown-toggle" value="">Large button</button>
    <div class="dropdown-menu">
        <a class="dropdown-item" href="#">Action</a>
        <a class="dropdown-item" href="#">Another action</a>
        <a class="dropdown-item" href="#">Something else here</a>
        <div class="dropdown-divider"></div>
        <a class="dropdown-item" href="#">Separated link</a>
    </div>
</div>
<div class="btn-group dropdown">
    <button type="button" name="dropdown" class="btn btn-lg btn-secondary" value="">Large button</button>
    <button type="button" name="dropdown-toggle" class="btn btn-lg btn-secondary dropdown-toggle dropdown-toggle-split" data-toggle="dropdown" role="button" aria-haspopup="true" aria-expanded="false" value=""><span class="sr-only">Toggle Dropdown</span></button>
    <div class="dropdown-menu">
        <a class="dropdown-item" href="#">Action</a>
        <a class="dropdown-item" href="#">Another action</a>
        <a class="dropdown-item" href="#">Something else here</a>
        <div class="dropdown-divider"></div>
        <a class="dropdown-item" href="#">Separated link</a>
    </div>
</div>
<br><br>
<div class="btn-group dropdown">
    <button type="button" name="dropdown" data-toggle="dropdown" role="button" aria-haspopup="true" aria-expanded="false" class="btn btn-secondary btn-sm dropdown-toggle" value="">Small button</button>
    <div class="dropdown-menu">
        <a class="dropdown-item" href="#">Action</a>
        <a class="dropdown-item" href="#">Another action</a>
        <a class="dropdown-item" href="#">Something else here</a>
        <div class="dropdown-divider"></div>
        <a class="dropdown-item" href="#">Separated link</a>
    </div>
</div>
<div class="btn-group dropdown">
    <button type="button" name="dropdown" class="btn btn-secondary btn-sm" value="">Small button</button>
    <button type="button" name="dropdown-toggle" class="btn btn-secondary btn-sm dropdown-toggle dropdown-toggle-split" data-toggle="dropdown" role="button" aria-haspopup="true" aria-expanded="false" value=""><span class="sr-only">Toggle Dropdown</span></button>
    <div class="dropdown-menu">
        <a class="dropdown-item" href="#">Action</a>
        <a class="dropdown-item" href="#">Another action</a>
        <a class="dropdown-item" href="#">Something else here</a>
        <div class="dropdown-divider"></div>
        <a class="dropdown-item" href="#">Separated link</a>
    </div>
</div>
</body></html>
