<?xml encoding="utf-8" ?><html><body>
<label for="inputPassword5">Password</label>
<input name="password" id="inputPassword5" type="password" aria-describedby="passwordHelpBlock" class="form-control" value="">
<small class="form-text text-muted" id="passwordHelpBlock">Your password must be 8-20 characters long, contain letters and numbers, and must not contain spaces, special characters, or emoji.</small>
<br>
<form action="" method="POST" name="form" role="form" class="form-inline" id="form">
    <div class="form-group">
        <label for="inputPassword6">Password</label>
        <input name="password" id="inputPassword6" type="password" aria-describedby="passwordHelpInline" class="form-control mx-sm-3" value="">
        <small class="text-muted" id="passwordHelpInline">Must be 8-20 characters long.</small>
    </div>
</form>
</body></html>
