<?xml encoding="utf-8" ?><html><body>
<div class="d-flex justify-content-center">
    <div class="spinner-border" role="status">
        <span class="sr-only">Loading...</span>
    </div>
</div>
<br>
<div class="align-items-center d-flex">
    <strong>Loading...</strong>
    <div aria-hidden="true" class="ml-auto spinner-border" role="status"></div>
</div>
</body></html>
