<?xml encoding="utf-8" ?><html><body><div class="text-center">
    <div class="spinner-border" role="status">
        <span class="sr-only">Loading...</span>
    </div>
</div></body></html>
