<?xml encoding="utf-8" ?><html><body>
<label for="customRange1">Example range</label>
<input type="range" name="custom_range" id="customRange1" class="custom-range" value="">
</body></html>
