<?xml encoding="utf-8" ?><html><body><form action="" method="POST" name="form" role="form" id="form">
    <div class="row">
        <div class="col">
            <input name="firstName" type="text" placeholder="First name" class="form-control" value="">
        </div>
        <div class="col">
            <input name="lastName" type="text" placeholder="Last name" class="form-control" value="">
        </div>
    </div>
</form></body></html>
