<?xml encoding="utf-8" ?><html><body><form action="" method="POST" name="form" role="form" id="form">
    <div class="form-group">
        <label for="formGroupExampleInput">Example label</label>
        <input name="exampleInput" type="text" id="formGroupExampleInput" placeholder="Example input" class="form-control" value="">
    </div>
    <div class="form-group">
        <label for="formGroupExampleInput2">Another label</label>
        <input name="exampleInput2" type="text" id="formGroupExampleInput2" placeholder="Another input" class="form-control" value="">
    </div>
</form></body></html>
