<?xml encoding="utf-8" ?><html><body><div class="alert alert-dismissible alert-warning fade show" role="alert">
    <strong>Holy guacamole!</strong> You should check in on some of those fields below.
    <button aria-label="Close" class="close" data-dismiss="alert" type="button"><span aria-hidden="true">&times;</span></button>
</div></body></html>
