<?xml encoding="utf-8" ?><html><body><div class="carousel slide" data-ride="carousel" id="carouselExampleSlidesOnly">
    <div class="carousel-inner">
        <div class="active carousel-item">
            <img alt="Slide 1" class="d-block w-100" src="/twbs-helper-module/img/docs/400x300.svg">
        </div>
        <div class="carousel-item">
            <img alt="Slide 2" class="d-block w-100" src="/twbs-helper-module/img/docs/400x300.svg">
        </div>
        <div class="carousel-item">
            <img alt="Slide 3" class="d-block w-100" src="/twbs-helper-module/img/docs/400x300.svg">
        </div>
    </div>
</div></body></html>
