<?xml encoding="utf-8" ?><html><body><div class="carousel slide" data-ride="carousel" id="carouselExampleCaptions">
    <ol class="carousel-indicators">
        <li class="active" data-slide-to="0" data-target="#carouselExampleCaptions">
        <li data-slide-to="1" data-target="#carouselExampleCaptions">
        <li data-slide-to="2" data-target="#carouselExampleCaptions">
    </ol>
    <div class="carousel-inner">
        <div class="active carousel-item">
            <img alt="Slide 1" class="d-block w-100" src="/twbs-helper-module/img/docs/400x300.svg">
            <div class="carousel-caption d-md-block d-none">
                <h5>First slide label</h5>
                <p>Nulla vitae elit libero, a pharetra augue mollis interdum.</p>
            </div>
        </div>
        <div class="carousel-item">
            <img alt="Slide 2" class="d-block w-100" src="/twbs-helper-module/img/docs/400x300.svg">
            <div class="carousel-caption d-md-block d-none">
                <h5>Second slide label</h5>
                <p>Lorem ipsum dolor sit amet, consectetur adipiscing elit.</p>
            </div>
        </div>
        <div class="carousel-item">
            <img alt="Slide 3" class="d-block w-100" src="/twbs-helper-module/img/docs/400x300.svg">
            <div class="carousel-caption d-md-block d-none">
                <h5>Third slide label</h5>
                <p>Praesent commodo cursus magna, vel scelerisque nisl consectetur.</p>
            </div>
        </div>
    </div>
    <a class="carousel-control-prev" data-slide="prev" href="#carouselExampleCaptions" role="button">
        <span aria-hidden="true" class="carousel-control-prev-icon"></span>
        <span class="sr-only">Previous</span>
    </a>
    <a class="carousel-control-next" data-slide="next" href="#carouselExampleCaptions" role="button">
        <span aria-hidden="true" class="carousel-control-next-icon"></span>
        <span class="sr-only">Next</span>
    </a>
</div></body></html>
