<?xml encoding="utf-8" ?><html><body>
<div class="table-responsive-sm">
    <table class="table">
        <thead>
            <tr>
                <th scope="col">#</th>
                <th scope="col">Heading</th>
                <th scope="col">Heading</th>
                <th scope="col">Heading</th>
                <th scope="col">Heading</th>
                <th scope="col">Heading</th>
                <th scope="col">Heading</th>
                <th scope="col">Heading</th>
                <th scope="col">Heading</th>
                <th scope="col">Heading</th>
            </tr>
        </thead>
        <tbody>
            <tr>
                <th scope="row">1</th>
                <td>Cell</td>
                <td>Cell</td>
                <td>Cell</td>
                <td>Cell</td>
                <td>Cell</td>
                <td>Cell</td>
                <td>Cell</td>
                <td>Cell</td>
                <td>Cell</td>
            </tr>
            <tr>
                <th scope="row">2</th>
                <td>Cell</td>
                <td>Cell</td>
                <td>Cell</td>
                <td>Cell</td>
                <td>Cell</td>
                <td>Cell</td>
                <td>Cell</td>
                <td>Cell</td>
                <td>Cell</td>
            </tr>
            <tr>
                <th scope="row">3</th>
                <td>Cell</td>
                <td>Cell</td>
                <td>Cell</td>
                <td>Cell</td>
                <td>Cell</td>
                <td>Cell</td>
                <td>Cell</td>
                <td>Cell</td>
                <td>Cell</td>
            </tr>
        </tbody>
    </table>
</div>
<br>
<div class="table-responsive-md">
    <table class="table">
        <thead>
            <tr>
                <th scope="col">#</th>
                <th scope="col">Heading</th>
                <th scope="col">Heading</th>
                <th scope="col">Heading</th>
                <th scope="col">Heading</th>
                <th scope="col">Heading</th>
                <th scope="col">Heading</th>
                <th scope="col">Heading</th>
                <th scope="col">Heading</th>
                <th scope="col">Heading</th>
            </tr>
        </thead>
        <tbody>
            <tr>
                <th scope="row">1</th>
                <td>Cell</td>
                <td>Cell</td>
                <td>Cell</td>
                <td>Cell</td>
                <td>Cell</td>
                <td>Cell</td>
                <td>Cell</td>
                <td>Cell</td>
                <td>Cell</td>
            </tr>
            <tr>
                <th scope="row">2</th>
                <td>Cell</td>
                <td>Cell</td>
                <td>Cell</td>
                <td>Cell</td>
                <td>Cell</td>
                <td>Cell</td>
                <td>Cell</td>
                <td>Cell</td>
                <td>Cell</td>
            </tr>
            <tr>
                <th scope="row">3</th>
                <td>Cell</td>
                <td>Cell</td>
                <td>Cell</td>
                <td>Cell</td>
                <td>Cell</td>
                <td>Cell</td>
                <td>Cell</td>
                <td>Cell</td>
                <td>Cell</td>
            </tr>
        </tbody>
    </table>
</div>
<br>
<div class="table-responsive-lg">
    <table class="table">
        <thead>
            <tr>
                <th scope="col">#</th>
                <th scope="col">Heading</th>
                <th scope="col">Heading</th>
                <th scope="col">Heading</th>
                <th scope="col">Heading</th>
                <th scope="col">Heading</th>
                <th scope="col">Heading</th>
                <th scope="col">Heading</th>
                <th scope="col">Heading</th>
                <th scope="col">Heading</th>
            </tr>
        </thead>
        <tbody>
            <tr>
                <th scope="row">1</th>
                <td>Cell</td>
                <td>Cell</td>
                <td>Cell</td>
                <td>Cell</td>
                <td>Cell</td>
                <td>Cell</td>
                <td>Cell</td>
                <td>Cell</td>
                <td>Cell</td>
            </tr>
            <tr>
                <th scope="row">2</th>
                <td>Cell</td>
                <td>Cell</td>
                <td>Cell</td>
                <td>Cell</td>
                <td>Cell</td>
                <td>Cell</td>
                <td>Cell</td>
                <td>Cell</td>
                <td>Cell</td>
            </tr>
            <tr>
                <th scope="row">3</th>
                <td>Cell</td>
                <td>Cell</td>
                <td>Cell</td>
                <td>Cell</td>
                <td>Cell</td>
                <td>Cell</td>
                <td>Cell</td>
                <td>Cell</td>
                <td>Cell</td>
            </tr>
        </tbody>
    </table>
</div>
<br>
<div class="table-responsive-xl">
    <table class="table">
        <thead>
            <tr>
                <th scope="col">#</th>
                <th scope="col">Heading</th>
                <th scope="col">Heading</th>
                <th scope="col">Heading</th>
                <th scope="col">Heading</th>
                <th scope="col">Heading</th>
                <th scope="col">Heading</th>
                <th scope="col">Heading</th>
                <th scope="col">Heading</th>
                <th scope="col">Heading</th>
            </tr>
        </thead>
        <tbody>
            <tr>
                <th scope="row">1</th>
                <td>Cell</td>
                <td>Cell</td>
                <td>Cell</td>
                <td>Cell</td>
                <td>Cell</td>
                <td>Cell</td>
                <td>Cell</td>
                <td>Cell</td>
                <td>Cell</td>
            </tr>
            <tr>
                <th scope="row">2</th>
                <td>Cell</td>
                <td>Cell</td>
                <td>Cell</td>
                <td>Cell</td>
                <td>Cell</td>
                <td>Cell</td>
                <td>Cell</td>
                <td>Cell</td>
                <td>Cell</td>
            </tr>
            <tr>
                <th scope="row">3</th>
                <td>Cell</td>
                <td>Cell</td>
                <td>Cell</td>
                <td>Cell</td>
                <td>Cell</td>
                <td>Cell</td>
                <td>Cell</td>
                <td>Cell</td>
                <td>Cell</td>
            </tr>
        </tbody>
    </table>
</div>
</body></html>
